
> porfolio@0.1.0 build
> next build

  Γû▓ Next.js 14.2.4

   Creating an optimized production build ...
node.exe : Failed to 
compile.
At C:\Program Files\n
odejs\npm.ps1:16 
char:5
+     & 
"$basedir/node$exe"  
"$basedir/node_module
s/npm/bin/npm-cli.js"
 ...
+     ~~~~~~~~~~~~~~~
~~~~~~~~~~~~~~~~~~~~~
~~~~~~~~~~~~~~~~~~~~~
~~~~~~~~
    + CategoryInfo   
           : NotSpe  
  cified: (Failed    
 to compile.:Stri    
ng) [], RemoteEx    
ception
    + FullyQualified 
   ErrorId : Native  
  CommandError
 

./src/components/proj
ect-carousel-3d.tsx
Module not found: 
Can't resolve '@react
-three/postprocessing
'

https://nextjs.org/do
cs/messages/module-no
t-found

./src/components/ui/d
ialog.tsx
Module not found: 
Can't resolve '@radix
-ui/react-dialog'

https://nextjs.org/do
cs/messages/module-no
t-found

Import trace for 
requested module:
./src/components/proj
ect-carousel-3d.tsx


> Build failed 
because of webpack 
errors
